======================================================================
ASPIREBRIDGE BACKEND & SIGNUP TEST
Time: 6/1/2026, 9:24:34 am
======================================================================

[TEST 1] Backend Health Check
----------------------------------------------------------------------
✅ Backend is RUNNING
   URL: http://192.168.137.168:5000/api
   Status: OK
   Database: Disconnected
   Uptime: 17 seconds
   Environment: production

[TEST 2] Aspirant Signup
----------------------------------------------------------------------
Creating aspirant: test.aspirant.1767671674811@example.com

======================================================================
❌ TEST FAILED
======================================================================

❌ ERROR: API returned an error
   Status: 500
   Message: Server error during signup